Microchip MPLAB XC8 Compiler V2.41

Linker command line:

-W-3 \
  --edf=C:\Program Files\Microchip\xc8\v2.41\pic\dat\20230208172133_en.msgs \
  -cn -h+dist/default/production\PIC16F877A_Device_Drivers.X.production.sym \
  --cmf=dist/default/production\PIC16F877A_Device_Drivers.X.production.cmf \
  -z -Q16F877A -oC:\Users\LENOVO\AppData\Local\Temp\xcAsav0.\driver_tmp_3.o \
  --defsym=__MPLAB_BUILD=1 --fixupoverflow=error \
  -Mdist/default/production/PIC16F877A_Device_Drivers.X.production.map \
  --md=C:\Users\LENOVO\AppData\Local\Temp\xcAsav0.\driver_tmp_0.dat -E1 \
  -ver=XC8 Compiler --acfsm=1493 -ACODE=00h-07FFhx4 -ASTRCODE=00h-01FFFh \
  -ASTRING=00h-0FFhx32 -ACONST=00h-0FFhx32 -AENTRY=00h-0FFhx32 \
  -ACOMMON=070h-07Fh -ABANK0=020h-06Fh -ABANK1=0A0h-0EFh \
  -ABANK2=0110h-016Fh -ABANK3=0190h-01EFh \
  -ARAM=020h-06Fh,0A0h-0EFh,0110h-016Fh,0190h-01EFh \
  -AABS1=020h-07Fh,0A0h-0EFh,0110h-016Fh,0190h-01EFh -ASFR0=00h-01Fh \
  -ASFR1=080h-09Fh -ASFR2=0100h-010Fh -ASFR3=0180h-018Fh \
  -ACONFIG=02007h-02007h -DCONFIG=2 -AIDLOC=02000h-02003h -DIDLOC=2 \
  -AEEDATA=00h-0FFh/02100h -peeprom_data=EEDATA -DEEDATA=2 -DCODE=2 \
  -DSTRCODE=2 -DSTRING=2 -DCONST=2 -DENTRY=2 \
  -preset_vec=00h,intentry=04h,init,end_init -ppowerup=CODE -pcinit=CODE \
  -pfunctab=ENTRY -k \
  C:\Users\LENOVO\AppData\Local\Temp\xcAsav0.\driver_tmp_12.o \
  dist/default/production\PIC16F877A_Device_Drivers.X.production.o 

Object code version is 3.11

Machine type is 16F877A



                Name                               Link     Load   Length Selector   Space Scale
C:\Users\LENOVO\AppData\Local\Temp\xcAsav0.\driver_tmp_12.o
                end_init                             10       10        3        8       0
                reset_vec                             0        0        3        0       0
                config                             2007     2007        1        0       4
                idloc                              2000     2000        4        0       5
dist/default/production\PIC16F877A_Device_Drivers.X.production.o
                cinit                                13       13       2D        8       0
                functab                              40       40       2D       80       0
                intentry                              4        4        C        8       0
                config                             2007     2007        1        0       4
                idloc                              2000     2000        4        0       5
                text35                              C10      C10        4     1820       0
                text34                              C14      C14        4     1828       0
                text33                              C18      C18        4     1830       0
                text32                              C1C      C1C        4     1838       0
                text31                              C20      C20        5     1840       0
                text30                              C2A      C2A        6     1854       0
                text29                              C64      C64        A     18C8       0
                text28                              C6E      C6E        B     18DC       0
                text27                              D05      D05       38     1A0A       0
                text26                              CD4      CD4       31     19A8       0
                text25                              D3D      D3D       38     1A7A       0
                text24                                3        3        1        0       0
                text23                              C09      C09        2     1812       0
                text22                              C25      C25        5     184A       0
                text21                              C97      C97       19     192E       0
                text20                              C79      C79        E     18F2       0
                text19                              C40      C40        9     1880       0
                text18                              C49      C49        9     1892       0
                text17                              C52      C52        9     18A4       0
                text16                              C5B      C5B        9     18B6       0
                text15                              C30      C30        8     1860       0
                text14                              C87      C87       10     190E       0
                text13                              7F6      7F6        A       DA       0
                text12                              23C      23C      1B4       DA       0
                text11                              62D      62D       D3       DA       0
                text10                              546      546       E7       DA       0
                text9                               700      700       D1       DA       0
                text8                                6D       6D      1CF       DA       0
                text7                               EA2      EA2       A4     1D44       0
                text6                               E2A      E2A       78     1C54       0
                text5                               DC2      DC2       68     1B84       0
                text4                               F46      F46       BA     1E8C       0
                text3                               3F0      3F0      156       DA       0
                text2                               D75      D75       4D     1AEA       0
                text1                               CB0      CB0       24     1960       0
                maintext                            7D1      7D1       25       DA       0
                cstackBANK0                          20       20       4E       20       1
                cstackCOMMON                         70       70        A       70       1
                clrtext                             C38      C38        8     1870       0
                dataBANK1                            E5       E5        3       A0       1
                bssBANK1                             A0       A0       45       A0       1
                dataCOMMON                           7A       7A        2       70       1
                strings                             800      800       81     1000       0
                idataBANK1                          C0D      C0D        3     181A       0
                idataCOMMON                         C0B      C0B        2     1816       0

TOTAL           Name                               Link     Load   Length     Space
        CLASS   CODE           
                end_init                             10       10        3         0
                cinit                                13       13       2D         0
                intentry                              4        4        C         0
                reset_vec                             0        0        3         0
                text35                              C10      C10        4         0
                text34                              C14      C14        4         0
                text33                              C18      C18        4         0
                text32                              C1C      C1C        4         0
                text31                              C20      C20        5         0
                text30                              C2A      C2A        6         0
                text29                              C64      C64        A         0
                text28                              C6E      C6E        B         0
                text27                              D05      D05       38         0
                text26                              CD4      CD4       31         0
                text25                              D3D      D3D       38         0
                text24                                3        3        1         0
                text23                              C09      C09        2         0
                text22                              C25      C25        5         0
                text21                              C97      C97       19         0
                text20                              C79      C79        E         0
                text19                              C40      C40        9         0
                text18                              C49      C49        9         0
                text17                              C52      C52        9         0
                text16                              C5B      C5B        9         0
                text15                              C30      C30        8         0
                text14                              C87      C87       10         0
                text13                              7F6      7F6        A         0
                text12                              23C      23C      1B4         0
                text11                              62D      62D       D3         0
                text10                              546      546       E7         0
                text9                               700      700       D1         0
                text8                                6D       6D      1CF         0
                text7                               EA2      EA2       A4         0
                text6                               E2A      E2A       78         0
                text5                               DC2      DC2       68         0
                text4                               F46      F46       BA         0
                text3                               3F0      3F0      156         0
                text2                               D75      D75       4D         0
                text1                               CB0      CB0       24         0
                maintext                            7D1      7D1       25         0
                clrtext                             C38      C38        8         0
                idataBANK1                          C0D      C0D        3         0
                idataCOMMON                         C0B      C0B        2         0

        CLASS   STRCODE        

        CLASS   STRING         
                strings                             800      800       81         0

        CLASS   CONST          

        CLASS   ENTRY          
                functab                              40       40       2D         0

        CLASS   COMMON         
                cstackCOMMON                         70       70        A         1
                dataCOMMON                           7A       7A        2         1

        CLASS   BANK0          
                cstackBANK0                          20       20       4E         1

        CLASS   BANK1          
                dataBANK1                            E5       E5        3         1
                bssBANK1                             A0       A0       45         1

        CLASS   BANK2          

        CLASS   BANK3          

        CLASS   RAM            

        CLASS   ABS1           
                abs_s1                               7E       7E        2         1

        CLASS   SFR0           

        CLASS   SFR1           

        CLASS   SFR2           

        CLASS   SFR3           

        CLASS   CONFIG         
                config                             2007     2007        1         4

        CLASS   IDLOC          
                idloc                              2000     2000        4         5

        CLASS   EEDATA         

        CLASS   STACK          



SEGMENTS        Name                           Load    Length   Top    Selector   Space  Class     Delta

                reset_vec                      000000  000004  000004         0       0  CODE        2
                intentry                       000004  00003C  000040         8       0  CODE        2
                cstackBANK0                    000020  00004E  00006E        20       1  BANK0       1
                cstackCOMMON                   000070  00000C  00007C        70       1  COMMON      1
                functab                        000040  00002D  00006D        80       0  ENTRY       2
                bssBANK1                       0000A0  000048  0000E8        A0       1  BANK1       1
                text8                          00006D  000793  000800        DA       0  CODE        2
                strings                        000800  000081  000881      1000       0  STRING      2
                text23                         000C09  000002  000C0B      1812       0  CODE        2
                idataCOMMON                    000C0B  000002  000C0D      1816       0  CODE        2
                idataBANK1                     000C0D  000003  000C10      181A       0  CODE        2
                text35                         000C10  000004  000C14      1820       0  CODE        2
                text34                         000C14  000004  000C18      1828       0  CODE        2
                text33                         000C18  000004  000C1C      1830       0  CODE        2
                text32                         000C1C  000004  000C20      1838       0  CODE        2
                text31                         000C20  000005  000C25      1840       0  CODE        2
                text22                         000C25  000005  000C2A      184A       0  CODE        2
                text30                         000C2A  000006  000C30      1854       0  CODE        2
                text15                         000C30  000008  000C38      1860       0  CODE        2
                clrtext                        000C38  000008  000C40      1870       0  CODE        2
                text19                         000C40  000009  000C49      1880       0  CODE        2
                text18                         000C49  000009  000C52      1892       0  CODE        2
                text17                         000C52  000009  000C5B      18A4       0  CODE        2
                text16                         000C5B  000009  000C64      18B6       0  CODE        2
                text29                         000C64  00000A  000C6E      18C8       0  CODE        2
                text28                         000C6E  00000B  000C79      18DC       0  CODE        2
                text20                         000C79  00000E  000C87      18F2       0  CODE        2
                text14                         000C87  000010  000C97      190E       0  CODE        2
                text21                         000C97  000019  000CB0      192E       0  CODE        2
                text1                          000CB0  000024  000CD4      1960       0  CODE        2
                text26                         000CD4  000031  000D05      19A8       0  CODE        2
                text27                         000D05  000038  000D3D      1A0A       0  CODE        2
                text25                         000D3D  000038  000D75      1A7A       0  CODE        2
                text2                          000D75  00004D  000DC2      1AEA       0  CODE        2
                text5                          000DC2  000068  000E2A      1B84       0  CODE        2
                text6                          000E2A  000078  000EA2      1C54       0  CODE        2
                text7                          000EA2  0000A4  000F46      1D44       0  CODE        2
                text4                          000F46  0000BA  001000      1E8C       0  CODE        2


UNUSED ADDRESS RANGES

        Name                Unused          Largest block    Delta
        BANK0            006E-006F              2           1
        BANK1            00E8-00EF              8           1
        BANK2            0110-016F             60           1
        BANK3            0190-01EF             60           1
        CODE             0881-0C08            388           2
                         1000-1FFF            800
        COMMON           007C-007D              2           1
        CONST            0881-0C08            100           2
                         1000-1FFF            100
        EEDATA           2100-21FF            100           2
        ENTRY            0881-0C08            100           2
                         1000-1FFF            100
        RAM              006E-006F              2           1
                         00E8-00EF              8
                         0110-016F             60
                         0190-01EF             60
        SFR0             0000-001F             20           1
        SFR1             0080-009F             20           1
        SFR2             0100-010F             10           1
        SFR3             0180-018F             10           1
        STRCODE          0881-0C08            388           2
                         1000-1FFF           1000
        STRING           0881-0C08            100           2
                         1000-1FFF            100

                                  Symbol Table

?___fldiv                                           cstackBANK0  003C
?___fltol                                           cstackBANK0  0020
?___lldiv                                           cstackBANK0  0020
?___xxtofl                                          cstackBANK0  002E
HAL_USART_ASYNC_Init@baud                           cstackBANK0  006A
HAL_USART_Read_Char@data                            cstackCOMMON 0070
HAL_USART_Set_Interrupt_Handler@InterruptHandler_Rx cstackBANK0  0021
HAL_USART_Set_Interrupt_Handler@InterruptHandler_Tx cstackBANK0  0020
HAL_USART_Write_Char@character                      cstackCOMMON 0070
HAL_USART_Write_String_ln@_data                     cstackCOMMON 0071
HAL_USART_Write_String_ln@char_counter              cstackCOMMON 0073
RB4_ISR@RB4_Source                                  cstackCOMMON 0070
RB5_ISR@RB5_Source                                  cstackCOMMON 0070
RB6_ISR@RB6_Source                                  cstackCOMMON 0070
RB7_ISR@RB7_Source                                  cstackCOMMON 0070
USART_Baud_Rate_Calculation@Baud_Rate_Temp          cstackBANK0  0066
USART_Baud_Rate_Calculation@baud                    cstackBANK0  0056
USART_RX_Interrupt_Handler@data                     cstackCOMMON 0075
_ADCON0bits                                         (abs)        001F
_ADCON1bits                                         (abs)        009F
_ADCS0                                              (abs)        00FE
_ADCS1                                              (abs)        00FF
_ADCS2                                              (abs)        04FE
_ADC_ISR                                            text35       0C10
_ADC_InterruptHandler                               bssBANK1     00E4
_ADRESH                                             (abs)        001E
_ADRESL                                             (abs)        009E
_BF                                                 (abs)        04A0
_CCP1CONbits                                        (abs)        0017
_CCP1X                                              (abs)        00BD
_CCP1Y                                              (abs)        00BC
_CCP1_ISR                                           text34       0C14
_CCP1_InterruptHandler                              bssBANK1     00E3
_CCP2CONbits                                        (abs)        001D
_CCP2X                                              (abs)        00ED
_CCP2Y                                              (abs)        00EC
_CCP2_ISR                                           text33       0C18
_CCP2_InterruptHandler                              bssBANK1     00E2
_CCPR1                                              (abs)        0015
_CCPR1L                                             (abs)        0015
_CCPR2                                              (abs)        001B
_CCPR2L                                             (abs)        001B
_CMCONbits                                          (abs)        009C
_EUSART_FramingErrorHandler                         bssBANK1     00C9
_EUSART_FramingErrorHandler_Isr                     text32       0C1C
_EUSART_OverrunErrorHandler                         bssBANK1     00C8
_EUSART_OverrunErrorHandler_Isr                     text30       0C2A
_EUSART_RX_ISR                                      text25       0D3D
_EUSART_RxInterruptHandler                          bssBANK1     00CA
_EUSART_TX_ISR                                      text24       0003
_EUSART_TxInterruptHandler                          bssBANK1     00CB
_FERR                                               (abs)        00C2
_GPIO_Init                                          text9        0700
_HAL_I2C_DeInit                                     (abs)        0000
_HAL_I2C_Init                                       (abs)        0000
_HAL_I2C_Master_Send_Repeated_Start                 (abs)        0000
_HAL_I2C_Master_Send_Start                          (abs)        0000
_HAL_I2C_Master_Send_Stop                           (abs)        0000
_HAL_I2C_Print                                      (abs)        0000
_HAL_I2C_Println                                    (abs)        0000
_HAL_I2C_Read                                       (abs)        0000
_HAL_I2C_Request_From                               (abs)        0000
_HAL_I2C_Set_Handler_Rec                            (abs)        0000
_HAL_I2C_Set_Handler_Req                            (abs)        0000
_HAL_I2C_Write                                      (abs)        0000
_HAL_I2C_available                                  (abs)        0000
_HAL_I2C_setClock                                   (abs)        0000
_HAL_SPI_Available                                  (abs)        0000
_HAL_SPI_Deinit                                     (abs)        0000
_HAL_SPI_Init                                       (abs)        0000
_HAL_SPI_Read_Char                                  (abs)        0000
_HAL_SPI_Write_Char                                 (abs)        0000
_HAL_SPI_Write_String                               (abs)        0000
_HAL_SPI_Write_String_ln                            (abs)        0000
_HAL_USART_ASYNC_DeInit                             (abs)        0000
_HAL_USART_ASYNC_Init                               text2        0D75
_HAL_USART_Read_Char                                text29       0C64
_HAL_USART_Set_Interrupt_Handler                    text1        0CB0
_HAL_USART_Write_Char                               text28       0C6E
_HAL_USART_Write_String                             (abs)        0000
_HAL_USART_Write_String_ln                          text27       0D05
_HAL_USART_is_Available                             (abs)        0000
_I2C_DefaultInterruptHandle_Rec                     bssBANK1     00DE
_I2C_DefaultInterruptHandle_Req                     bssBANK1     00DF
_I2C_Report_Receive_Overflow_InterruptHandle        bssBANK1     00E0
_I2C_Report_Write_Collision_InterruptHandler        bssBANK1     00E1
_INT0_ISR                                           text23       0C09
_INT0_InterruptHandler                              bssBANK1     00DC
_INTCONbits                                         (abs)        000B
_InterruptManager                                   text12       023C
_MSSP_I2C_BC_ISR                                    text22       0C25
_MSSP_I2C_ISR                                       text21       0C97
_MSSP_SPI_ISR                                       text20       0C79
_MSSP_SPI_Interrupt_Configurations                  (abs)        0000
_OERR                                               (abs)        00C1
_OPTION_REGbits                                     (abs)        0081
_PIE1bits                                           (abs)        008C
_PIE2bits                                           (abs)        008D
_PIR1bits                                           (abs)        000C
_PIR2bits                                           (abs)        000D
_PORTA                                              (abs)        0005
_PORTB                                              (abs)        0006
_PORTBbits                                          (abs)        0006
_PORTC                                              (abs)        0007
_PORTD                                              (abs)        0008
_PORTE                                              (abs)        0009
_PR2                                                (abs)        0092
_RB4                                                (abs)        0034
_RB4_Flag                                           dataCOMMON   007A
_RB4_ISR                                            text19       0C40
_RB4_InterruptHandler_HIGH                          bssBANK1     00DB
_RB4_InterruptHandler_LOW                           bssBANK1     00DA
_RB5_Flag                                           dataBANK1    00E7
_RB5_ISR                                            text18       0C49
_RB5_InterruptHandler_HIGH                          bssBANK1     00D9
_RB5_InterruptHandler_LOW                           bssBANK1     00D8
_RB6_Flag                                           dataBANK1    00E6
_RB6_ISR                                            text17       0C52
_RB6_InterruptHandler_HIGH                          bssBANK1     00D7
_RB6_InterruptHandler_LOW                           bssBANK1     00D6
_RB7_Flag                                           dataBANK1    00E5
_RB7_ISR                                            text16       0C5B
_RB7_InterruptHandler_HIGH                          bssBANK1     00D5
_RB7_InterruptHandler_LOW                           bssBANK1     00D4
_RCIF                                               (abs)        0065
_RCREG                                              (abs)        001A
_RCSTAbits                                          (abs)        0018
_R_nW                                               (abs)        04A2
_SPBRG                                              (abs)        0099
_SPI_DefaultInterruptHandle                         bssBANK1     00D1
_SPI_Report_Receive_Overflow_InterruptHandle        bssBANK1     00D2
_SPI_Report_Write_Collision_InterruptHandler        bssBANK1     00D3
_SSPADD                                             (abs)        0093
_SSPBUF                                             (abs)        0013
_SSPCON2bits                                        (abs)        0091
_SSPCONbits                                         (abs)        0014
_SSPIF                                              (abs)        0063
_SSPSTATbits                                        (abs)        0094
_Serial                                             bssBANK1     00B6
_Spi                                                bssBANK1     00AE
_T1CONbits                                          (abs)        0010
_T2CONbits                                          (abs)        0012
_TMR0                                               (abs)        0001
_TMR0_ISR                                           text15       0C30
_TMR0_InterruptHandler                              bssBANK1     00CF
_TMR1H                                              (abs)        000F
_TMR1L                                              (abs)        000E
_TMR1_ISR                                           text14       0C87
_TMR1_InterruptHandler                              bssBANK1     00CE
_TMR2                                               (abs)        0011
_TMR2_ISR                                           text13       07F6
_TMR2_InterruptHandler                              bssBANK1     00CD
_TRISA                                              (abs)        0085
_TRISB                                              (abs)        0086
_TRISC                                              (abs)        0087
_TRISD                                              (abs)        0088
_TRISE                                              (abs)        0089
_TXREG                                              (abs)        0019
_TXSTAbits                                          (abs)        0098
_USART_ASYNC_RX_Restart                             text31       0C20
_USART_Baud_Rate_Calculation                        text3        03F0
_USART_RX_Interrupt_Handler                         text26       0CD4
_Wire                                               bssBANK1     00A0
__H__absolute__                                     __absolute__ 0000
__Habs1                                             abs1         00DA
__Hbank0                                            bank0        00DA
__Hbank1                                            bank1        00DA
__Hbank2                                            bank2        00DA
__Hbank3                                            bank3        00DA
__HbssBANK1                                         bssBANK1     00DA
__Hcinit                                            cinit        0040
__Hclrtext                                          clrtext      00DA
__Hcode                                             code         00DA
__Hcommon                                           common       00DA
__Hconfig                                           config       2008
__HcstackBANK0                                      cstackBANK0  00DA
__HcstackCOMMON                                     cstackCOMMON 00DA
__HdataBANK1                                        dataBANK1    00DA
__HdataCOMMON                                       dataCOMMON   00DA
__Heeprom_data                                      eeprom_data  0000
__Hend_init                                         end_init     0013
__Hfunctab                                          functab      006D
__HidataBANK1                                       idataBANK1   00DA
__HidataCOMMON                                      idataCOMMON  00DA
__Hidloc                                            idloc        2004
__Hinit                                             init         0010
__Hintentry                                         intentry     0010
__Hmaintext                                         maintext     00DA
__Hpowerup                                          powerup      0000
__Hram                                              ram          00DA
__Hreset_vec                                        reset_vec    0003
__Hsfr0                                             sfr0         00DA
__Hsfr1                                             sfr1         00DA
__Hsfr2                                             sfr2         00DA
__Hsfr3                                             sfr3         00DA
__Hspace_0                                          (abs)        1000
__Hspace_1                                          (abs)        00E8
__Hspace_2                                          (abs)        00DA
__Hspace_3                                          (abs)        0000
__Hspace_4                                          (abs)        400F
__Hstack                                            stack        00DA
__Hstrings                                          strings      00DA
__Htext                                             text         00DA
__L__absolute__                                     __absolute__ 0000
__Labs1                                             abs1         00DA
__Lbank0                                            bank0        00DA
__Lbank1                                            bank1        00DA
__Lbank2                                            bank2        00DA
__Lbank3                                            bank3        00DA
__LbssBANK1                                         bssBANK1     00DA
__Lcinit                                            cinit        0013
__Lclrtext                                          clrtext      00DA
__Lcode                                             code         00DA
__Lcommon                                           common       00DA
__Lconfig                                           config       0000
__LcstackBANK0                                      cstackBANK0  00DA
__LcstackCOMMON                                     cstackCOMMON 00DA
__LdataBANK1                                        dataBANK1    00DA
__LdataCOMMON                                       dataCOMMON   00DA
__Leeprom_data                                      eeprom_data  0000
__Lend_init                                         end_init     0010
__Lfunctab                                          functab      0040
__LidataBANK1                                       idataBANK1   00DA
__LidataCOMMON                                      idataCOMMON  00DA
__Lidloc                                            idloc        0000
__Linit                                             init         0010
__Lintentry                                         intentry     0004
__Lmaintext                                         maintext     00DA
__Lpowerup                                          powerup      0000
__Lram                                              ram          00DA
__Lreset_vec                                        reset_vec    0000
__Lsfr0                                             sfr0         00DA
__Lsfr1                                             sfr1         00DA
__Lsfr2                                             sfr2         00DA
__Lsfr3                                             sfr3         00DA
__Lspace_0                                          (abs)        0000
__Lspace_1                                          (abs)        0000
__Lspace_2                                          (abs)        0000
__Lspace_3                                          (abs)        0000
__Lspace_4                                          (abs)        0000
__Lstack                                            stack        00DA
__Lstrings                                          strings      00DA
__Ltext                                             text         00DA
__S0                                                (abs)        1000
__S1                                                (abs)        00E8
__S3                                                (abs)        0000
___fldiv                                            text8        006D
___fldiv@a                                          cstackBANK0  003C
___fldiv@aexp                                       cstackBANK0  0055
___fldiv@b                                          cstackBANK0  0040
___fldiv@bexp                                       cstackBANK0  0054
___fldiv@grs                                        cstackBANK0  0050
___fldiv@new_exp                                    cstackBANK0  004E
___fldiv@rem                                        cstackBANK0  0049
___fldiv@sign                                       cstackBANK0  004D
___flge                                             text7        0EA2
___flge@ff1                                         cstackBANK0  0020
___flge@ff2                                         cstackBANK0  0024
___fltol                                            text6        0E2A
___fltol@exp1                                       cstackBANK0  0029
___fltol@f1                                         cstackBANK0  0020
___fltol@sign1                                      cstackBANK0  0028
___int_sp                                           stack        00DA
___latbits                                          (abs)        0002
___lldiv                                            text5        0DC2
___lldiv@counter                                    cstackBANK0  002D
___lldiv@dividend                                   cstackBANK0  0024
___lldiv@divisor                                    cstackBANK0  0020
___lldiv@quotient                                   cstackBANK0  0029
___sp                                               stack        00DA
___stackhi                                          (abs)        0000
___stacklo                                          (abs)        0000
___xxtofl                                           text4        0F46
___xxtofl@arg                                       cstackBANK0  0038
___xxtofl@exp                                       cstackBANK0  0037
___xxtofl@sign                                      cstackBANK0  0036
___xxtofl@val                                       cstackBANK0  002E
__end_of_ADC_ISR                                    text35       0C14
__end_of_CCP1_ISR                                   text34       0C18
__end_of_CCP2_ISR                                   text33       0C1C
__end_of_EUSART_FramingErrorHandler_Isr             text32       0C20
__end_of_EUSART_OverrunErrorHandler_Isr             text30       0C30
__end_of_EUSART_RX_ISR                              text25       0D75
__end_of_EUSART_TX_ISR                              text24       0004
__end_of_GPIO_Init                                  text9        07D1
__end_of_HAL_USART_ASYNC_Init                       text2        0DC2
__end_of_HAL_USART_Read_Char                        text29       0C6E
__end_of_HAL_USART_Set_Interrupt_Handler            text1        0CD4
__end_of_HAL_USART_Write_Char                       text28       0C79
__end_of_HAL_USART_Write_String_ln                  text27       0D3D
__end_of_INT0_ISR                                   text23       0C0B
__end_of_InterruptManager                           text12       03F0
__end_of_MSSP_I2C_BC_ISR                            text22       0C2A
__end_of_MSSP_I2C_ISR                               text21       0CB0
__end_of_MSSP_SPI_ISR                               text20       0C87
__end_of_RB4_ISR                                    text19       0C49
__end_of_RB5_ISR                                    text18       0C52
__end_of_RB6_ISR                                    text17       0C5B
__end_of_RB7_ISR                                    text16       0C64
__end_of_TMR0_ISR                                   text15       0C38
__end_of_TMR1_ISR                                   text14       0C97
__end_of_TMR2_ISR                                   text13       0800
__end_of_USART_ASYNC_RX_Restart                     text31       0C25
__end_of_USART_Baud_Rate_Calculation                text3        0546
__end_of_USART_RX_Interrupt_Handler                 text26       0D05
__end_of___fldiv                                    text8        023C
__end_of___flge                                     text7        0F46
__end_of___fltol                                    text6        0EA2
__end_of___lldiv                                    text5        0E2A
__end_of___xxtofl                                   text4        1000
__end_of__fptable                                   functab      0055
__end_of__i1fptable                                 functab      006D
__end_of__initialization                            cinit        003C
__end_of__stringtab                                 strings      0810
__end_of_btn_values                                 strings      0820
__end_of_digitalWrite                               text11       0700
__end_of_main                                       maintext     07F6
__end_of_pinMode                                    text10       062D
__fptable                                           functab      0040
__i1fptable                                         functab      0055
__initialization                                    cinit        0013
__pbssBANK1                                         bssBANK1     00A0
__pcstackBANK0                                      cstackBANK0  0020
__pcstackCOMMON                                     cstackCOMMON 0070
__pdataBANK1                                        dataBANK1    00E5
__pdataCOMMON                                       dataCOMMON   007A
__pfunctab                                          functab      0040
__pidataBANK1                                       idataBANK1   0C0D
__pidataCOMMON                                      idataCOMMON  0C0B
__pintentry                                         intentry     0004
__pmaintext                                         maintext     07D1
__pstrings                                          strings      0800
__ptext1                                            text1        0CB0
__ptext10                                           text10       0546
__ptext11                                           text11       062D
__ptext12                                           text12       023C
__ptext13                                           text13       07F6
__ptext14                                           text14       0C87
__ptext15                                           text15       0C30
__ptext16                                           text16       0C5B
__ptext17                                           text17       0C52
__ptext18                                           text18       0C49
__ptext19                                           text19       0C40
__ptext2                                            text2        0D75
__ptext20                                           text20       0C79
__ptext21                                           text21       0C97
__ptext22                                           text22       0C25
__ptext23                                           text23       0C09
__ptext24                                           text24       0003
__ptext25                                           text25       0D3D
__ptext26                                           text26       0CD4
__ptext27                                           text27       0D05
__ptext28                                           text28       0C6E
__ptext29                                           text29       0C64
__ptext3                                            text3        03F0
__ptext30                                           text30       0C2A
__ptext31                                           text31       0C20
__ptext32                                           text32       0C1C
__ptext33                                           text33       0C18
__ptext34                                           text34       0C14
__ptext35                                           text35       0C10
__ptext4                                            text4        0F46
__ptext5                                            text5        0DC2
__ptext6                                            text6        0E2A
__ptext7                                            text7        0EA2
__ptext8                                            text8        006D
__ptext9                                            text9        0700
__size_of__fptable                                  (abs)        0000
__size_of__i1fptable                                (abs)        0000
__stringbase                                        strings      080F
__stringtab                                         strings      0800
_btn_values                                         strings      0810
_digitalWrite                                       text11       062D
_i2c_mode                                           dataCOMMON   007B
_keypad_get_value                                   (abs)        0000
_lcd_4bit_autoscroll                                (abs)        0000
_lcd_4bit_blink                                     (abs)        0000
_lcd_4bit_clear                                     (abs)        0000
_lcd_4bit_cursor                                    (abs)        0000
_lcd_4bit_display                                   (abs)        0000
_lcd_4bit_home                                      (abs)        0000
_lcd_4bit_leftToRight                               (abs)        0000
_lcd_4bit_noAutoscroll                              (abs)        0000
_lcd_4bit_no_blink                                  (abs)        0000
_lcd_4bit_no_cursor                                 (abs)        0000
_lcd_4bit_no_display                                (abs)        0000
_lcd_4bit_rightToLeft                               (abs)        0000
_lcd_4bit_save_custom_char                          (abs)        0000
_lcd_4bit_scrollDisplayLeft                         (abs)        0000
_lcd_4bit_scrollDisplayRight                        (abs)        0000
_lcd_4bit_send_char_data                            (abs)        0000
_lcd_4bit_send_string                               (abs)        0000
_lcd_4bit_set_cursor                                (abs)        0000
_main                                               maintext     07D1
_pinMode                                            text10       0546
_timer0_preload                                     bssBANK1     00C6
_timer1_preload                                     bssBANK1     00C4
_timer2_preload                                     bssBANK1     00CC
btemp                                               (abs)        007E
clear_ram0                                          clrtext      0C38
digitalWrite@Pinx                                   cstackBANK0  0020
digitalWrite@Portx                                  cstackBANK0  0024
digitalWrite@logic                                  cstackBANK0  0021
end_of_initialization                               cinit        003C
entry__HAL_USART_ASYNC_Init                         functab      0052
entry__HAL_USART_Write_Char                         functab      0064
fpbase                                              functab      0045
fptable                                             functab      0040
fptotal                                             (abs)        0007
i1fpbase                                            functab      005A
i1fptable                                           functab      0055
i1fptotal                                           (abs)        000C
interrupt_function                                  intentry     0004
intlevel0                                           functab      0040
intlevel1                                           functab      0040
intlevel2                                           functab      0040
intlevel3                                           functab      0040
intlevel4                                           functab      0040
intlevel5                                           functab      0040
pinMode@Pinx                                        cstackBANK0  0020
pinMode@Portx                                       cstackBANK0  0024
pinMode@mode                                        cstackBANK0  0021
reset_vec                                           reset_vec    0000
saved_w                                             (abs)        007E
start                                               init         0010
start_initialization                                cinit        0013
wtemp0                                              (abs)        007E


MODULE INFORMATION

Module		Function		Class		Link	Load	Size
MCAL_layer/ccp/hal_ccp.c
		_CCP1_ISR      		CODE           	0C14	0000	4
		_CCP2_ISR      		CODE           	0C18	0000	4

MCAL_layer/ccp/hal_ccp.c estimated size: 8

MCAL_layer/Interrupt/mcal_interrupt_manager.c
		_InterruptManager		CODE           	023C	0000	436

MCAL_layer/Interrupt/mcal_interrupt_manager.c estimated size: 436

MCAL_layer/Interrupt/mcal_external_interrupt.c
		_RB4_ISR       		CODE           	0C40	0000	9
		_RB5_ISR       		CODE           	0C49	0000	9
		_RB6_ISR       		CODE           	0C52	0000	9
		_RB7_ISR       		CODE           	0C5B	0000	9
		_INT0_ISR      		CODE           	0C09	0000	2

MCAL_layer/Interrupt/mcal_external_interrupt.c estimated size: 38

C:\Program Files\Microchip\xc8\v2.41\pic\sources\c90\common\flge.c
		___flge        		CODE           	0EA2	0000	164

C:\Program Files\Microchip\xc8\v2.41\pic\sources\c90\common\flge.c estimated size: 164

MCAL_layer/timer0/hal_timr0.c
		_TMR0_ISR      		CODE           	0C30	0000	8

MCAL_layer/timer0/hal_timr0.c estimated size: 8

C:\Program Files\Microchip\xc8\v2.41\pic\sources\c90\common\sprcdiv.c
		___fldiv       		CODE           	006D	0000	463

C:\Program Files\Microchip\xc8\v2.41\pic\sources\c90\common\sprcdiv.c estimated size: 463

MCAL_layer/timer2/hal_timr2.c
		_TMR2_ISR      		CODE           	07F6	0000	10

MCAL_layer/timer2/hal_timr2.c estimated size: 10

MCAL_layer/gpio/gpio.c
		_digitalWrite  		CODE           	062D	0000	211
		_pinMode       		CODE           	0546	0000	231

MCAL_layer/gpio/gpio.c estimated size: 442

C:\Program Files\Microchip\xc8\v2.41\pic\sources\c90\common\fltol.c
		___fltol       		CODE           	0E2A	0000	120

C:\Program Files\Microchip\xc8\v2.41\pic\sources\c90\common\fltol.c estimated size: 120

C:\Program Files\Microchip\xc8\v2.41\pic\sources\c90\common\__lldiv.c
		___lldiv       		CODE           	0DC2	0000	104

C:\Program Files\Microchip\xc8\v2.41\pic\sources\c90\common\__lldiv.c estimated size: 104

MCAL_layer/spi/hal_spi.c
		_MSSP_SPI_ISR  		CODE           	0C79	0000	14

MCAL_layer/spi/hal_spi.c estimated size: 14

MCAL_layer/i2c/hal_i2c.c
		_MSSP_I2C_ISR  		CODE           	0C97	0000	25
		_MSSP_I2C_BC_ISR		CODE           	0C25	0000	5

MCAL_layer/i2c/hal_i2c.c estimated size: 30

C:\Program Files\Microchip\xc8\v2.41\pic\sources\c90\common\xxtofl.c
		___xxtofl      		CODE           	0F46	0000	186

C:\Program Files\Microchip\xc8\v2.41\pic\sources\c90\common\xxtofl.c estimated size: 186

MCAL_layer/timer1/hal_timr1.c
		_TMR1_ISR      		CODE           	0C87	0000	16

MCAL_layer/timer1/hal_timr1.c estimated size: 16

shared
		__stringtab    		STRING         	0800	0000	16
		__i1fptable    		ENTRY          	0055	0000	24
		_btn_values    		STRING         	0810	0000	16
		__initialization		CODE           	0013	0000	41
		__fptable      		ENTRY          	0040	0000	21

shared estimated size: 118

MCAL_layer/adc/hal_adc.c
		_ADC_ISR       		CODE           	0C10	0000	4

MCAL_layer/adc/hal_adc.c estimated size: 4

MCAL_layer/usart/hal_usart.c
		_HAL_USART_ASYNC_Init		CODE           	0D75	0000	77
		_USART_Baud_Rate_Calculation		CODE           	03F0	0000	342
		_EUSART_RX_ISR 		CODE           	0D3D	0000	56
		_EUSART_TX_ISR 		CODE           	0003	0000	1
		_EUSART_FramingErrorHandler_Isr		CODE           	0C1C	0000	4
		_HAL_USART_Read_Char		CODE           	0C64	0000	10
		_EUSART_OverrunErrorHandler_Isr		CODE           	0C2A	0000	6
		_HAL_USART_Write_Char		CODE           	0C6E	0000	11
		_HAL_USART_Write_String_ln		CODE           	0D05	0000	56
		_USART_ASYNC_RX_Restart		CODE           	0C20	0000	5
		_HAL_USART_Set_Interrupt_Handler		CODE           	0CB0	0000	36

MCAL_layer/usart/hal_usart.c estimated size: 604

main.c
		_main          		CODE           	07D1	0000	37
		_GPIO_Init     		CODE           	0700	0000	209
		_USART_RX_Interrupt_Handler		CODE           	0CD4	0000	49

main.c estimated size: 295

